children:
- type: Group
  name: ComponentGroupOne
  layout: BOX
  children:
  - type: ChannelConfig
    name: ResetPower
    write_pv: $(P)$(R)ResetPower
    widget: CHECKBOX
    description: ResetPower
  - type: ChannelConfig
    name: ThresholdApply
    write_pv: $(P)$(R)ThresholdApply
    widget: BUTTON
    description: ThresholdApply
  - type: ChannelConfig
    name: ImageFileTmot
    write_pv: $(P)$(R)ImageFileTmot
    widget: TEXTINPUT
    description: Timeout for image file
  - type: ChannelConfig
    name: Wavelength
    write_pv: $(P)$(R)Wavelength
    widget: TEXTINPUT
    description: Wavelength
  - type: ChannelConfig
    name: EnergyLow
    write_pv: $(P)$(R)EnergyLow
    widget: TEXTINPUT
    description: EnergyLow
  - type: ChannelConfig
    name: EnergyHigh
    write_pv: $(P)$(R)EnergyHigh
    widget: TEXTINPUT
    description: EnergyHigh
  - type: ChannelConfig
    name: DetDist
    write_pv: $(P)$(R)DetDist
    widget: TEXTINPUT
    description: DetDist
  - type: ChannelConfig
    name: DetVOffset
    write_pv: $(P)$(R)DetVOffset
    widget: TEXTINPUT
    description: DetVOffset
  - type: ChannelConfig
    name: BeamX
    write_pv: $(P)$(R)BeamX
    widget: TEXTINPUT
    description: BeamX
  - type: ChannelConfig
    name: BeamY
    write_pv: $(P)$(R)BeamY
    widget: TEXTINPUT
    description: BeamY
  - type: ChannelConfig
    name: Flux
    write_pv: $(P)$(R)Flux
    widget: TEXTINPUT
    description: Flux
  - type: ChannelConfig
    name: FilterTransm
    write_pv: $(P)$(R)FilterTransm
    widget: TEXTINPUT
    description: FilterTransm
  - type: ChannelConfig
    name: StartAngle
    write_pv: $(P)$(R)StartAngle
    widget: TEXTINPUT
    description: StartAngle
  - type: ChannelConfig
    name: AngleIncr
    write_pv: $(P)$(R)AngleIncr
    widget: TEXTINPUT
    description: AngleIncr
  - type: ChannelConfig
    name: Det2theta
    write_pv: $(P)$(R)Det2theta
    widget: TEXTINPUT
    description: Det2theta
  - type: ChannelConfig
    name: Polarization
    write_pv: $(P)$(R)Polarization
    widget: TEXTINPUT
    description: Polarization
  - type: ChannelConfig
    name: Alpha
    write_pv: $(P)$(R)Alpha
    widget: TEXTINPUT
    description: Alpha
  - type: ChannelConfig
    name: Kappa
    write_pv: $(P)$(R)Kappa
    widget: TEXTINPUT
    description: Kappa
  - type: ChannelConfig
    name: Phi
    write_pv: $(P)$(R)Phi
    widget: TEXTINPUT
    description: Phi
  - type: ChannelConfig
    name: PhiIncr
    write_pv: $(P)$(R)PhiIncr
    widget: TEXTINPUT
    description: PhiIncr
  - type: ChannelConfig
    name: Chi
    write_pv: $(P)$(R)Chi
    widget: TEXTINPUT
    description: Chi
  - type: ChannelConfig
    name: ChiIncr
    write_pv: $(P)$(R)ChiIncr
    widget: TEXTINPUT
    description: ChiIncr
  - type: ChannelConfig
    name: Omega
    write_pv: $(P)$(R)Omega
    widget: TEXTINPUT
    description: Omega
  - type: ChannelConfig
    name: OmegaIncr
    write_pv: $(P)$(R)OmegaIncr
    widget: TEXTINPUT
    description: OmegaIncr
  - type: ChannelConfig
    name: OscillAxis
    write_pv: $(P)$(R)OscillAxis
    widget: TEXTINPUT
    description: OscillAxis
  - type: ChannelConfig
    name: NumOscill
    write_pv: $(P)$(R)NumOscill
    widget: TEXTINPUT
    description: NumOscill
  - type: ChannelConfig
    name: BadPixelFile
    write_pv: $(P)$(R)BadPixelFile
    widget: TEXTINPUT
    description: BadPixelFile
  - type: ChannelConfig
    name: FlatFieldFile
    write_pv: $(P)$(R)FlatFieldFile
    widget: TEXTINPUT
    description: FlatFieldFile
  - type: ChannelConfig
    name: CbfTemplateFile
    write_pv: $(P)$(R)CbfTemplateFile
    widget: TEXTINPUT
    description: CbfTemplateFile
  - type: ChannelConfig
    name: HeaderString
    write_pv: $(P)$(R)HeaderString
    widget: TEXTINPUT
    description: HeaderString
  - type: ChannelConfig
    name: Armed
    read_pv: $(P)$(R)Armed
    widget: LED
    description: Armed
  - type: ChannelConfig
    name: NumBadPixels
    read_pv: $(P)$(R)NumBadPixels
    widget: TEXTUPDATE
    description: Number of bad pixels
  - type: ChannelConfig
    name: FlatFieldValid
    read_pv: $(P)$(R)FlatFieldValid
    widget: LED
    description: Flat field valid
  - type: ChannelConfig
    name: PixelCutOff
    read_pv: $(P)$(R)PixelCutOff_RBV
    widget: TEXTUPDATE
    description: PixelCutOff_RBV
  - type: ChannelConfig
    name: Temp0
    read_pv: $(P)$(R)Temp0_RBV
    widget: TEXTUPDATE
    description: Temp0_RBV
  - type: ChannelConfig
    name: Temp1
    read_pv: $(P)$(R)Temp1_RBV
    widget: TEXTUPDATE
    description: Temp1_RBV
  - type: ChannelConfig
    name: Temp2
    read_pv: $(P)$(R)Temp2_RBV
    widget: TEXTUPDATE
    description: Temp2_RBV
  - type: ChannelConfig
    name: Humid0
    read_pv: $(P)$(R)Humid0_RBV
    widget: TEXTUPDATE
    description: Humid0_RBV
  - type: ChannelConfig
    name: Humid1
    read_pv: $(P)$(R)Humid1_RBV
    widget: TEXTUPDATE
    description: Humid1_RBV
  - type: ChannelConfig
    name: Humid2
    read_pv: $(P)$(R)Humid2_RBV
    widget: TEXTUPDATE
    description: Humid2_RBV
  - type: ChannelConfig
    name: TVXVersion
    read_pv: $(P)$(R)TVXVersion_RBV
    widget: TEXTUPDATE
    description: TVXVersion_RBV
  - type: ChannelConfig
    name: ResetPowerTime
    read_pv: $(P)$(R)ResetPowerTime_RBV
    write_pv: $(P)$(R)ResetPowerTime
    widget: TEXTINPUT
    description: Reset module power wait time
  - type: ChannelConfig
    name: DelayTime
    read_pv: $(P)$(R)DelayTime_RBV
    write_pv: $(P)$(R)DelayTime
    widget: TEXTINPUT
    description: DelayTime
  - type: ChannelConfig
    name: ThresholdEnergy
    read_pv: $(P)$(R)ThresholdEnergy_RBV
    write_pv: $(P)$(R)ThresholdEnergy
    widget: TEXTINPUT
    description: Energy threshold
  - type: ChannelConfig
    name: ThresholdAutoApply
    read_pv: $(P)$(R)ThresholdAutoApply_RBV
    write_pv: $(P)$(R)ThresholdAutoApply
    widget: CHECKBOX
    description: ThresholdAutoApply
  - type: ChannelConfig
    name: Energy
    read_pv: $(P)$(R)Energy_RBV
    write_pv: $(P)$(R)Energy
    widget: TEXTINPUT
    description: X-ray Energy
  - type: ChannelConfig
    name: MinFlatField
    read_pv: $(P)$(R)MinFlatField_RBV
    write_pv: $(P)$(R)MinFlatField
    widget: TEXTINPUT
    description: Minimum flat field value
  - type: ChannelConfig
    name: GapFill
    read_pv: $(P)$(R)GapFill_RBV
    write_pv: $(P)$(R)GapFill
    widget: COMBO
    description: GapFill
